INFO    : Building target web
ERROR   : XInclude Error caused build to fail:
ERROR   : /home/ecb5/Dropbox/EPADEL/EPaDelCentennialHistory/Centennial-PreTeXt/source/CentennialSectionOfficers.ptx:111:66:FATAL:PARSER:ERR_TAG_NAME_MISMATCH: Opening and ending tag mismatch: cell line 111 and xref
/home/ecb5/Dropbox/EPADEL/EPaDelCentennialHistory/Centennial-PreTeXt/source/CentennialSectionOfficers.ptx:111:73:FATAL:PARSER:ERR_TAG_NAME_MISMATCH: Opening and ending tag mismatch: row line 103 and cell
/home/ecb5/Dropbox/EPADEL/EPaDelCentennialHistory/Centennial-PreTeXt/source/CentennialSectionOfficers.ptx:112:9:FATAL:PARSER:ERR_TAG_NAME_MISMATCH: Opening and ending tag mismatch: tabular line 5 and row
/home/ecb5/Dropbox/EPADEL/EPaDelCentennialHistory/Centennial-PreTeXt/source/CentennialSectionOfficers.ptx:120:66:FATAL:PARSER:ERR_TAG_NAME_MISMATCH: Opening and ending tag mismatch: cell line 120 and xref
/home/ecb5/Dropbox/EPADEL/EPaDelCentennialHistory/Centennial-PreTeXt/source/CentennialSectionOfficers.ptx:120:73:FATAL:PARSER:ERR_TAG_NAME_MISMATCH: Opening and ending tag mismatch: row line 114 and cell
/home/ecb5/Dropbox/EPADEL/EPaDelCentennialHistory/Centennial-PreTeXt/source/CentennialSectionOfficers.ptx:121:9:FATAL:PARSER:ERR_TAG_NAME_MISMATCH: Opening and ending tag mismatch: table line 4 and row
/home/ecb5/Dropbox/EPADEL/EPaDelCentennialHistory/Centennial-PreTeXt/source/CentennialSectionOfficers.ptx:129:66:FATAL:PARSER:ERR_TAG_NAME_MISMATCH: Opening and ending tag mismatch: cell line 129 and xref
/home/ecb5/Dropbox/EPADEL/EPaDelCentennialHistory/Centennial-PreTeXt/source/CentennialSectionOfficers.ptx:129:73:FATAL:PARSER:ERR_TAG_NAME_MISMATCH: Opening and ending tag mismatch: row line 123 and cell
/home/ecb5/Dropbox/EPADEL/EPaDelCentennialHistory/Centennial-PreTeXt/source/CentennialSectionOfficers.ptx:130:9:FATAL:PARSER:ERR_TAG_NAME_MISMATCH: Opening and ending tag mismatch: section line 2 and row
/home/ecb5/Dropbox/EPADEL/EPaDelCentennialHistory/Centennial-PreTeXt/source/Centennial.ptx:6:0:ERROR:XINCLUDE:XINCLUDE_NO_FALLBACK: could not load /home/ecb5/Dropbox/EPADEL/EPaDelCentennialHistory/Centennial-PreTeXt/source/CentennialSectionOfficers.ptx, and no fallback was found
CRITICAL: XML syntax for source file is invalid
INFO    : ------------------------
CRITICAL: Failed to build.  Exiting...
INFO    : 
----------------------------------------------------
INFO    : While running pretext, the following errors occurred:

INFO    : (see log messages above or in the 'logs' folder for more information)
INFO    : ----------------------------------------------------
