INFO    : Building target print
INFO    : PreTeXt source passed schema validation.
INFO    : Generating any needed assets.
INFO    : Finished generating assets.

INFO    : Preparing to build into /home/ecb5/Dropbox/EPaDelCentennialHistory/Centennial/output/print.
INFO    : discovering source file's directory name: /home/ecb5/Dropbox/EPaDelCentennialHistory/Centennial/source
INFO    : verifying and expanding input directory: /home/ecb5/Dropbox/EPaDelCentennialHistory/Centennial/source/../generated-assets
INFO    : input directory expanded to absolute path: /home/ecb5/Dropbox/EPaDelCentennialHistory/Centennial/generated-assets
INFO    : verifying and expanding input directory: /home/ecb5/Dropbox/EPaDelCentennialHistory/Centennial/source/../assets
INFO    : input directory expanded to absolute path: /home/ecb5/Dropbox/EPaDelCentennialHistory/Centennial/assets
INFO    : XSL conversion of /home/ecb5/Dropbox/EPaDelCentennialHistory/Centennial/source/main.ptx by /home/ecb5/.ptx/2.13.5/core/xsl/utilities/report-publisher-variables.xsl
INFO    : successful application of /home/ecb5/.ptx/2.13.5/core/xsl/utilities/report-publisher-variables.xsl
INFO    : converting /home/ecb5/Dropbox/EPaDelCentennialHistory/Centennial/source/main.ptx to LaTeX as /tmp/ptx-yz8_r32e/main.tex
INFO    : XSL conversion of /home/ecb5/Dropbox/EPaDelCentennialHistory/Centennial/source/main.ptx by /home/ecb5/.ptx/2.13.5/core/xsl/pretext-latex.xsl
INFO    : messages from the log for XSL processing:
INFO    : * PTX:INFO:   checking ONLY the last TWO YEARS of element deprecations.
Rerun with the string parameter "author.deprecations.all" set to "yes" to check your source against all deprecations.
INFO    : successful application of /home/ecb5/.ptx/2.13.5/core/xsl/pretext-latex.xsl
INFO    : Removing temporary directory /tmp/ptx-yz8_r32e
INFO    : Removing temporary directory /tmp/ptx-ek4afkfe
INFO    : 
Success! Run `pretext view` to see the results.

INFO    : 
