INFO    : Building target web
INFO    : PreTeXt source passed schema validation.
INFO    : Generating any needed assets.
INFO    : Finished generating assets.

INFO    : Preparing to build into /home/ecb5/Dropbox/EPADEL/EPaDelCentennialHistory/Centennial-PreTeXt/output/web.
WARNING : Node.js must be installed to build CSS files.  Please install node.js and npm.
 Will try to use prebuilt CSS files instead.
WARNING : Cannot find npm.  Will try to use prebuilt CSS files instead.
WARNING : Unable to install npm packages to build css files.  Non-default CSS themes require node.js and npm to be installed.  See https://pretextbook.org/doc/guide/html/node-and-npm.html
WARNING : 
INFO    : discovering source file's directory name: /home/ecb5/Dropbox/EPADEL/EPaDelCentennialHistory/Centennial-PreTeXt/source
INFO    : verifying and expanding input directory: /home/ecb5/Dropbox/EPADEL/EPaDelCentennialHistory/Centennial-PreTeXt/source/../generated-assets
INFO    : input directory expanded to absolute path: /home/ecb5/Dropbox/EPADEL/EPaDelCentennialHistory/Centennial-PreTeXt/generated-assets
INFO    : verifying and expanding input directory: /home/ecb5/Dropbox/EPADEL/EPaDelCentennialHistory/Centennial-PreTeXt/source/../assets
INFO    : input directory expanded to absolute path: /home/ecb5/Dropbox/EPADEL/EPaDelCentennialHistory/Centennial-PreTeXt/assets
INFO    : Runestone Services via online CDN query: version 7.9.6
INFO    : Downloading Runestone Services, version 7.9.6
INFO    : Extracting Runestone Services from archive file
INFO    : XSL conversion of /home/ecb5/Dropbox/EPADEL/EPaDelCentennialHistory/Centennial-PreTeXt/source/main.ptx by /home/ecb5/.ptx/2.13.5/core/xsl/utilities/report-publisher-variables.xsl
INFO    : successful application of /home/ecb5/.ptx/2.13.5/core/xsl/utilities/report-publisher-variables.xsl
INFO    : Node.js not available. Relying on prebuilt default-modern.
INFO    : converting /home/ecb5/Dropbox/EPADEL/EPaDelCentennialHistory/Centennial-PreTeXt/source/main.ptx to HTML in /tmp/ptx-m_8rzr7x
INFO    : XSL conversion of /home/ecb5/Dropbox/EPADEL/EPaDelCentennialHistory/Centennial-PreTeXt/source/main.ptx by /home/ecb5/.ptx/2.13.5/core/xsl/pretext-html.xsl
INFO    : messages from the log for XSL processing:
INFO    : * PTX:INFO:   checking ONLY the last TWO YEARS of element deprecations.
Rerun with the string parameter "author.deprecations.all" set to "yes" to check your source against all deprecations.
ERROR   : * PTX:ERROR:   a cross-reference ("xref") uses references [HillBio] that do not point to any target, or perhaps point to multiple targets.  Maybe you typed an @xml:id value wrong, maybe the target of the @xml:id is nonexistent, or maybe you temporarily removed the target from your source, or maybe an auxiliary file contains a duplicate.  Your output will contain some placeholder text that you will not want to distribute to your readers.
INFO    : *              located within: "SectionOfficers" (xml:id), "Elected Officers" (title)
ERROR   : * PTX:ERROR:   a cross-reference ("xref") uses references [HillBio] that do not point to any target, or perhaps point to multiple targets.  Maybe you typed an @xml:id value wrong, maybe the target of the @xml:id is nonexistent, or maybe you temporarily removed the target from your source, or maybe an auxiliary file contains a duplicate.  Your output will contain some placeholder text that you will not want to distribute to your readers.
INFO    : *              located within: "SectionOfficers" (xml:id), "Elected Officers" (title)
ERROR   : * PTX:ERROR:   a cross-reference ("xref") uses references [DeTurckBio] that do not point to any target, or perhaps point to multiple targets.  Maybe you typed an @xml:id value wrong, maybe the target of the @xml:id is nonexistent, or maybe you temporarily removed the target from your source, or maybe an auxiliary file contains a duplicate.  Your output will contain some placeholder text that you will not want to distribute to your readers.
INFO    : *              located within: "SectionOfficers" (xml:id), "Elected Officers" (title)
ERROR   : * PTX:ERROR:   a cross-reference ("xref") uses references [HillBio] that do not point to any target, or perhaps point to multiple targets.  Maybe you typed an @xml:id value wrong, maybe the target of the @xml:id is nonexistent, or maybe you temporarily removed the target from your source, or maybe an auxiliary file contains a duplicate.  Your output will contain some placeholder text that you will not want to distribute to your readers.
INFO    : *              located within: "SectionOfficers" (xml:id), "Elected Officers" (title)
ERROR   : * PTX:ERROR:   a cross-reference ("xref") uses references [DeTurckBio] that do not point to any target, or perhaps point to multiple targets.  Maybe you typed an @xml:id value wrong, maybe the target of the @xml:id is nonexistent, or maybe you temporarily removed the target from your source, or maybe an auxiliary file contains a duplicate.  Your output will contain some placeholder text that you will not want to distribute to your readers.
INFO    : *              located within: "SectionOfficers" (xml:id), "Elected Officers" (title)
ERROR   : * PTX:ERROR:   a cross-reference ("xref") uses references [SomersBio] that do not point to any target, or perhaps point to multiple targets.  Maybe you typed an @xml:id value wrong, maybe the target of the @xml:id is nonexistent, or maybe you temporarily removed the target from your source, or maybe an auxiliary file contains a duplicate.  Your output will contain some placeholder text that you will not want to distribute to your readers.
INFO    : *              located within: "SectionOfficers" (xml:id), "Elected Officers" (title)
ERROR   : * PTX:ERROR:   a cross-reference ("xref") uses references [DeTurckBio] that do not point to any target, or perhaps point to multiple targets.  Maybe you typed an @xml:id value wrong, maybe the target of the @xml:id is nonexistent, or maybe you temporarily removed the target from your source, or maybe an auxiliary file contains a duplicate.  Your output will contain some placeholder text that you will not want to distribute to your readers.
INFO    : *              located within: "SectionOfficers" (xml:id), "Elected Officers" (title)
ERROR   : * PTX:ERROR:   a cross-reference ("xref") uses references [SomersBio] that do not point to any target, or perhaps point to multiple targets.  Maybe you typed an @xml:id value wrong, maybe the target of the @xml:id is nonexistent, or maybe you temporarily removed the target from your source, or maybe an auxiliary file contains a duplicate.  Your output will contain some placeholder text that you will not want to distribute to your readers.
INFO    : *              located within: "SectionOfficers" (xml:id), "Elected Officers" (title)
ERROR   : * PTX:ERROR:   a cross-reference ("xref") uses references [DeTurckBio] that do not point to any target, or perhaps point to multiple targets.  Maybe you typed an @xml:id value wrong, maybe the target of the @xml:id is nonexistent, or maybe you temporarily removed the target from your source, or maybe an auxiliary file contains a duplicate.  Your output will contain some placeholder text that you will not want to distribute to your readers.
INFO    : *              located within: "SectionOfficers" (xml:id), "Elected Officers" (title)
INFO    : successful application of /home/ecb5/.ptx/2.13.5/core/xsl/pretext-html.xsl
INFO    : Removing temporary directory /tmp/ptx-m_8rzr7x
INFO    : Removing temporary directory /tmp/ptx-ck6pm5vx
INFO    : 
Success! Run `pretext view` to see the results.

INFO    : 
----------------------------------------------------
INFO    : While running pretext, the following errors occurred:

INFO    : (see log messages above or in the 'logs' folder for more information)
INFO    : ----------------------------------------------------
